02-02 10:23:16.265  1960  2087 I BackupManagerService: Package com.android.todolist not installed; dropping from full backup
02-02 10:57:07.017  1960  2006 V BackupManagerService: restoreAtInstall pkg=com.android.todolist token=5 restoreSet=0
02-02 10:57:07.095  1960  4384 W BroadcastQueue: Background execution not allowed: receiving Intent { act=android.intent.action.PACKAGE_ADDED dat=package:com.android.todolist flg=0x4000010 (has extras) } to com.google.android.packageinstaller/com.android.packageinstaller.PackageInstalledReceiver
02-02 10:57:07.121  1960  1990 W BroadcastQueue: Background execution not allowed: receiving Intent { act=android.intent.action.PACKAGE_ADDED dat=package:com.android.todolist flg=0x4000010 (has extras) } to com.android.musicfx/.Compatibility$Receiver
02-02 10:57:07.126  1960  1990 W BroadcastQueue: Background execution not allowed: receiving Intent { act=android.intent.action.PACKAGE_ADDED dat=package:com.android.todolist flg=0x4000010 (has extras) } to com.google.android.gms/.games.chimera.GamesSystemBroadcastReceiverProxy
02-02 10:57:07.127  1960  1990 W BroadcastQueue: Background execution not allowed: receiving Intent { act=android.intent.action.PACKAGE_ADDED dat=package:com.android.todolist flg=0x4000010 (has extras) } to com.google.android.gms/.gass.chimera.PackageChangeBroadcastReceiver
02-02 10:57:07.127  1960  1990 W BroadcastQueue: Background execution not allowed: receiving Intent { act=android.intent.action.PACKAGE_ADDED dat=package:com.android.todolist flg=0x4000010 (has extras) } to com.google.android.gms/.chimera.GmsIntentOperationService$PersistentTrustedReceiver
02-02 10:57:07.127  1960  1990 W BroadcastQueue: Background execution not allowed: receiving Intent { act=android.intent.action.PACKAGE_ADDED dat=package:com.android.todolist flg=0x4000010 (has extras) } to com.google.android.googlequicksearchbox/com.google.android.apps.gsa.googlequicksearchbox.GelStubAppWatcher
02-02 10:57:07.127  1960  1990 W BroadcastQueue: Background execution not allowed: receiving Intent { act=android.intent.action.PACKAGE_ADDED dat=package:com.android.todolist flg=0x4000010 (has extras) } to com.google.android.ims/.receivers.RcsAutoStartReceiver
02-02 11:01:06.972  1960  1990 I ActivityManager: Force stopping com.android.todolist appid=10146 user=-1: deletePackageX
02-02 11:01:07.241  1960  2006 I ActivityManager: Force stopping com.android.todolist appid=10146 user=0: pkg removed
02-02 11:01:07.276  1960  1990 W BroadcastQueue: Background execution not allowed: receiving Intent { act=android.intent.action.PACKAGE_REMOVED dat=package:com.android.todolist flg=0x4000010 (has extras) } to com.android.musicfx/.Compatibility$Receiver
02-02 11:01:07.276  1960  1990 W BroadcastQueue: Background execution not allowed: receiving Intent { act=android.intent.action.PACKAGE_REMOVED dat=package:com.android.todolist flg=0x4000010 (has extras) } to com.google.android.gms/.games.chimera.GamesSystemBroadcastReceiverProxy
02-02 11:01:07.276  1960  1990 W BroadcastQueue: Background execution not allowed: receiving Intent { act=android.intent.action.PACKAGE_REMOVED dat=package:com.android.todolist flg=0x4000010 (has extras) } to com.google.android.gms/.chimera.GmsIntentOperationService$PersistentTrustedReceiver
02-02 11:01:07.277  1960  1990 W BroadcastQueue: Background execution not allowed: receiving Intent { act=android.intent.action.PACKAGE_REMOVED dat=package:com.android.todolist flg=0x4000010 (has extras) } to com.google.android.googlequicksearchbox/com.google.android.apps.gsa.googlequicksearchbox.GelStubAppWatcher
02-02 11:01:07.348  1960  1980 E PackageManager: failed to find package com.android.todolist
02-02 11:01:07.348  1960  1980 E OverlayManager: Failed to change enabled overlays for com.android.todolist user 0
02-02 11:01:07.718  1960  1960 I ConditionProviders: Disallowing condition provider com.android.todolist
02-02 11:01:08.822  8182  8251 I MediaProvider: Begin Intent { act=android.intent.action.PACKAGE_FULLY_REMOVED dat=package:com.android.todolist flg=0x5000010 cmp=com.android.providers.media/.MediaService (has extras) }
02-02 11:01:08.890  8182  8251 I MediaProvider: End Intent { act=android.intent.action.PACKAGE_FULLY_REMOVED dat=package:com.android.todolist flg=0x5000010 cmp=com.android.providers.media/.MediaService (has extras) }
02-02 11:01:11.374  1960  2006 V BackupManagerService: restoreAtInstall pkg=com.android.todolist token=6 restoreSet=0
02-02 11:01:11.476  1960  2296 W BroadcastQueue: Background execution not allowed: receiving Intent { act=android.intent.action.PACKAGE_ADDED dat=package:com.android.todolist flg=0x4000010 (has extras) } to com.google.android.packageinstaller/com.android.packageinstaller.PackageInstalledReceiver
02-02 11:01:11.478  1960  1990 W BroadcastQueue: Background execution not allowed: receiving Intent { act=android.intent.action.PACKAGE_ADDED dat=package:com.android.todolist flg=0x4000010 (has extras) } to com.android.musicfx/.Compatibility$Receiver
02-02 11:01:11.478  1960  1990 W BroadcastQueue: Background execution not allowed: receiving Intent { act=android.intent.action.PACKAGE_ADDED dat=package:com.android.todolist flg=0x4000010 (has extras) } to com.google.android.gms/.games.chimera.GamesSystemBroadcastReceiverProxy
02-02 11:01:11.478  1960  1990 W BroadcastQueue: Background execution not allowed: receiving Intent { act=android.intent.action.PACKAGE_ADDED dat=package:com.android.todolist flg=0x4000010 (has extras) } to com.google.android.gms/.gass.chimera.PackageChangeBroadcastReceiver
02-02 11:01:11.478  1960  1990 W BroadcastQueue: Background execution not allowed: receiving Intent { act=android.intent.action.PACKAGE_ADDED dat=package:com.android.todolist flg=0x4000010 (has extras) } to com.google.android.gms/.chimera.GmsIntentOperationService$PersistentTrustedReceiver
02-02 11:01:11.479  1960  1990 W BroadcastQueue: Background execution not allowed: receiving Intent { act=android.intent.action.PACKAGE_ADDED dat=package:com.android.todolist flg=0x4000010 (has extras) } to com.google.android.googlequicksearchbox/com.google.android.apps.gsa.googlequicksearchbox.GelStubAppWatcher
02-02 11:01:11.479  1960  1990 W BroadcastQueue: Background execution not allowed: receiving Intent { act=android.intent.action.PACKAGE_ADDED dat=package:com.android.todolist flg=0x4000010 (has extras) } to com.google.android.ims/.receivers.RcsAutoStartReceiver
02-02 11:06:34.088  1960  4624 I ActivityTaskManager: START u0 {act=android.settings.APPLICATION_DETAILS_SETTINGS dat=package:com.android.todolist flg=0x10008000 cmp=com.android.settings/.applications.InstalledAppDetails bnds=[210,1020][870,1188]} from uid 10109
02-02 11:06:34.328  7213  7213 D AppButtonsPrefCtl: Sending broadcast to query restart status for com.android.todolist
02-02 11:06:34.792  7213  7213 D AppButtonsPrefCtl: Sending broadcast to query restart status for com.android.todolist
02-02 11:06:34.835  7213  7213 D AppButtonsPrefCtl: Got broadcast response: Restart status for com.android.todolist false
02-02 11:06:34.943  7282  7392 W Role    : com.android.todolist not qualified for android.app.role.HOME due to missing RequiredComponent{mIntentFilterData=IntentFilterData{mAction='android.intent.action.MAIN', mCategories='[android.intent.category.HOME]', mDataScheme='null', mDataType='null'}, mPermission='null', mMetaData=[]}
02-02 11:06:34.991  7282  7392 W Role    : com.android.todolist not qualified for android.app.role.DIALER due to missing RequiredComponent{mIntentFilterData=IntentFilterData{mAction='android.intent.action.DIAL', mCategories='[]', mDataScheme='null', mDataType='null'}, mPermission='null', mMetaData=[]}
02-02 11:06:35.025  7282  7392 W Role    : com.android.todolist not qualified for android.app.role.SMS due to missing RequiredComponent{mIntentFilterData=IntentFilterData{mAction='android.provider.Telephony.SMS_DELIVER', mCategories='[]', mDataScheme='null', mDataType='null'}, mPermission='android.permission.BROADCAST_SMS', mMetaData=[]}
02-02 11:06:35.303  7213  7213 D AppButtonsPrefCtl: Got broadcast response: Restart status for com.android.todolist false
02-02 11:06:35.512  7213  7213 D AppButtonsPrefCtl: Sending broadcast to query restart status for com.android.todolist
02-02 11:06:35.588  7213  7213 D AppButtonsPrefCtl: Got broadcast response: Restart status for com.android.todolist false
02-02 11:06:47.596  7213  7213 D AppButtonsPrefCtl: Sending broadcast to query restart status for com.android.todolist
02-02 11:06:48.012  7213  7213 D AppButtonsPrefCtl: Sending broadcast to query restart status for com.android.todolist
02-02 11:06:48.062  7213  7213 D AppButtonsPrefCtl: Got broadcast response: Restart status for com.android.todolist false
02-02 11:06:48.172  7213  7213 D AppButtonsPrefCtl: Got broadcast response: Restart status for com.android.todolist false
02-02 11:31:48.696  1960  1990 I ActivityManager: Force stopping com.android.todolist appid=10148 user=-1: deletePackageX
02-02 11:31:48.935  1960  2006 I ActivityManager: Force stopping com.android.todolist appid=10148 user=0: pkg removed
02-02 11:31:48.999  1960  1990 W BroadcastQueue: Background execution not allowed: receiving Intent { act=android.intent.action.PACKAGE_REMOVED dat=package:com.android.todolist flg=0x4000010 (has extras) } to com.android.musicfx/.Compatibility$Receiver
02-02 11:31:48.999  1960  1990 W BroadcastQueue: Background execution not allowed: receiving Intent { act=android.intent.action.PACKAGE_REMOVED dat=package:com.android.todolist flg=0x4000010 (has extras) } to com.google.android.gms/.games.chimera.GamesSystemBroadcastReceiverProxy
02-02 11:31:48.999  1960  1990 W BroadcastQueue: Background execution not allowed: receiving Intent { act=android.intent.action.PACKAGE_REMOVED dat=package:com.android.todolist flg=0x4000010 (has extras) } to com.google.android.gms/.chimera.GmsIntentOperationService$PersistentTrustedReceiver
02-02 11:31:49.006  1960  1990 W BroadcastQueue: Background execution not allowed: receiving Intent { act=android.intent.action.PACKAGE_REMOVED dat=package:com.android.todolist flg=0x4000010 (has extras) } to com.google.android.googlequicksearchbox/com.google.android.apps.gsa.googlequicksearchbox.GelStubAppWatcher
02-02 11:31:49.078  1960  1980 E PackageManager: failed to find package com.android.todolist
02-02 11:31:49.079  1960  1980 E OverlayManager: Failed to change enabled overlays for com.android.todolist user 0
02-02 11:31:49.760  1960  1960 I ConditionProviders: Disallowing condition provider com.android.todolist
02-02 11:31:50.229  8182  8773 I MediaProvider: Begin Intent { act=android.intent.action.PACKAGE_FULLY_REMOVED dat=package:com.android.todolist flg=0x5000010 cmp=com.android.providers.media/.MediaService (has extras) }
02-02 11:31:50.244  8182  8773 I MediaProvider: End Intent { act=android.intent.action.PACKAGE_FULLY_REMOVED dat=package:com.android.todolist flg=0x5000010 cmp=com.android.providers.media/.MediaService (has extras) }
02-02 11:32:16.346  1960  2006 V BackupManagerService: restoreAtInstall pkg=com.android.todolist token=8 restoreSet=0
02-02 11:32:16.397  1960  2105 W BroadcastQueue: Background execution not allowed: receiving Intent { act=android.intent.action.PACKAGE_ADDED dat=package:com.android.todolist flg=0x4000010 (has extras) } to com.google.android.packageinstaller/com.android.packageinstaller.PackageInstalledReceiver
02-02 11:32:16.399  1960  1990 W BroadcastQueue: Background execution not allowed: receiving Intent { act=android.intent.action.PACKAGE_ADDED dat=package:com.android.todolist flg=0x4000010 (has extras) } to com.android.musicfx/.Compatibility$Receiver
02-02 11:32:16.402  1960  1990 W BroadcastQueue: Background execution not allowed: receiving Intent { act=android.intent.action.PACKAGE_ADDED dat=package:com.android.todolist flg=0x4000010 (has extras) } to com.google.android.gms/.games.chimera.GamesSystemBroadcastReceiverProxy
02-02 11:32:16.402  1960  1990 W BroadcastQueue: Background execution not allowed: receiving Intent { act=android.intent.action.PACKAGE_ADDED dat=package:com.android.todolist flg=0x4000010 (has extras) } to com.google.android.gms/.gass.chimera.PackageChangeBroadcastReceiver
02-02 11:32:16.402  1960  1990 W BroadcastQueue: Background execution not allowed: receiving Intent { act=android.intent.action.PACKAGE_ADDED dat=package:com.android.todolist flg=0x4000010 (has extras) } to com.google.android.gms/.chimera.GmsIntentOperationService$PersistentTrustedReceiver
02-02 11:32:16.403  1960  1990 W BroadcastQueue: Background execution not allowed: receiving Intent { act=android.intent.action.PACKAGE_ADDED dat=package:com.android.todolist flg=0x4000010 (has extras) } to com.google.android.googlequicksearchbox/com.google.android.apps.gsa.googlequicksearchbox.GelStubAppWatcher
02-02 11:32:16.403  1960  1990 W BroadcastQueue: Background execution not allowed: receiving Intent { act=android.intent.action.PACKAGE_ADDED dat=package:com.android.todolist flg=0x4000010 (has extras) } to com.google.android.ims/.receivers.RcsAutoStartReceiver
02-02 14:13:18.949  1960  1990 I ActivityManager: Force stopping com.android.todolist appid=10149 user=-1: deletePackageX
02-02 14:13:19.223  1960  2006 I ActivityManager: Force stopping com.android.todolist appid=10149 user=0: pkg removed
02-02 14:13:19.309  1960  1990 W BroadcastQueue: Background execution not allowed: receiving Intent { act=android.intent.action.PACKAGE_REMOVED dat=package:com.android.todolist flg=0x4000010 (has extras) } to com.android.musicfx/.Compatibility$Receiver
02-02 14:13:19.313  1960  1980 E PackageManager: failed to find package com.android.todolist
02-02 14:13:19.314  1960  1980 E OverlayManager: Failed to change enabled overlays for com.android.todolist user 0
02-02 14:13:19.328  1960  1990 W BroadcastQueue: Background execution not allowed: receiving Intent { act=android.intent.action.PACKAGE_REMOVED dat=package:com.android.todolist flg=0x4000010 (has extras) } to com.google.android.gms/.games.chimera.GamesSystemBroadcastReceiverProxy
02-02 14:13:19.329  1960  1990 W BroadcastQueue: Background execution not allowed: receiving Intent { act=android.intent.action.PACKAGE_REMOVED dat=package:com.android.todolist flg=0x4000010 (has extras) } to com.google.android.gms/.chimera.GmsIntentOperationService$PersistentTrustedReceiver
02-02 14:13:19.329  1960  1990 W BroadcastQueue: Background execution not allowed: receiving Intent { act=android.intent.action.PACKAGE_REMOVED dat=package:com.android.todolist flg=0x4000010 (has extras) } to com.google.android.googlequicksearchbox/com.google.android.apps.gsa.googlequicksearchbox.GelStubAppWatcher
02-02 14:13:20.028  1960  1960 I ConditionProviders: Disallowing condition provider com.android.todolist
02-02 14:13:20.333  8182 10188 I MediaProvider: Begin Intent { act=android.intent.action.PACKAGE_FULLY_REMOVED dat=package:com.android.todolist flg=0x5000010 cmp=com.android.providers.media/.MediaService (has extras) }
02-02 14:13:20.342  8182 10188 I MediaProvider: End Intent { act=android.intent.action.PACKAGE_FULLY_REMOVED dat=package:com.android.todolist flg=0x5000010 cmp=com.android.providers.media/.MediaService (has extras) }
02-02 14:14:19.963  1960  2006 V BackupManagerService: restoreAtInstall pkg=com.android.todolist token=9 restoreSet=0
02-02 14:14:20.002  1960  1990 W BroadcastQueue: Background execution not allowed: receiving Intent { act=android.intent.action.PACKAGE_ADDED dat=package:com.android.todolist flg=0x4000010 (has extras) } to com.google.android.packageinstaller/com.android.packageinstaller.PackageInstalledReceiver
02-02 14:14:20.003  1960  1990 W BroadcastQueue: Background execution not allowed: receiving Intent { act=android.intent.action.PACKAGE_ADDED dat=package:com.android.todolist flg=0x4000010 (has extras) } to com.android.musicfx/.Compatibility$Receiver
02-02 14:14:20.003  1960  1990 W BroadcastQueue: Background execution not allowed: receiving Intent { act=android.intent.action.PACKAGE_ADDED dat=package:com.android.todolist flg=0x4000010 (has extras) } to com.google.android.gms/.games.chimera.GamesSystemBroadcastReceiverProxy
02-02 14:14:20.003  1960  1990 W BroadcastQueue: Background execution not allowed: receiving Intent { act=android.intent.action.PACKAGE_ADDED dat=package:com.android.todolist flg=0x4000010 (has extras) } to com.google.android.gms/.gass.chimera.PackageChangeBroadcastReceiver
02-02 14:14:20.003  1960  1990 W BroadcastQueue: Background execution not allowed: receiving Intent { act=android.intent.action.PACKAGE_ADDED dat=package:com.android.todolist flg=0x4000010 (has extras) } to com.google.android.gms/.chimera.GmsIntentOperationService$PersistentTrustedReceiver
02-02 14:14:20.004  1960  1990 W BroadcastQueue: Background execution not allowed: receiving Intent { act=android.intent.action.PACKAGE_ADDED dat=package:com.android.todolist flg=0x4000010 (has extras) } to com.google.android.googlequicksearchbox/com.google.android.apps.gsa.googlequicksearchbox.GelStubAppWatcher
02-02 14:14:20.004  1960  1990 W BroadcastQueue: Background execution not allowed: receiving Intent { act=android.intent.action.PACKAGE_ADDED dat=package:com.android.todolist flg=0x4000010 (has extras) } to com.google.android.ims/.receivers.RcsAutoStartReceiver
02-02 14:32:18.705  1960  4356 I ActivityTaskManager: START u0 {act=android.intent.action.MAIN cat=[android.intent.category.LAUNCHER] flg=0x10200000 cmp=com.android.todolist/.MainActivity bnds=[440,1188][640,1488]} from uid 10109
02-02 14:32:18.805  1960  1991 I ActivityManager: Start proc 10543:com.android.todolist/u0a150 for activity {com.android.todolist/com.android.todolist.MainActivity}
02-02 14:32:19.485  1753  1753 E Layer   : [Surface(name=AppWindowToken{fb494b4 token=Token{14b8d87 ActivityRecord{2c069c6 u0 com.android.todolist/.MainActivity t33}}})/@0x650318b - animation-leash#0] No local sync point found
02-02 14:32:19.485  1753  1753 E Layer   : [Surface(name=AppWindowToken{fb494b4 token=Token{14b8d87 ActivityRecord{2c069c6 u0 com.android.todolist/.MainActivity t33}}})/@0x650318b - animation-leash#0] No local sync point found
02-02 14:32:19.830 10543 10543 W RenderThread: type=1400 audit(0.0:130): avc: denied { write } for name="property_service" dev="tmpfs" ino=6844 scontext=u:r:untrusted_app_27:s0:c150,c256,c512,c768 tcontext=u:object_r:property_socket:s0 tclass=sock_file permissive=0 app=com.android.todolist
02-02 14:32:38.706 10543 10543 E AndroidRuntime: Process: com.android.todolist, PID: 10543
02-02 14:32:38.706 10543 10543 E AndroidRuntime: 	at com.android.todolist.MainActivity.ordenarAZ(MainActivity.kt:196)
02-02 14:32:38.706 10543 10543 E AndroidRuntime: 	at com.android.todolist.MainActivity.onNavigationItemSelected(MainActivity.kt:86)
02-02 14:32:38.712  1960  4562 W ActivityTaskManager:   Force finishing activity com.android.todolist/.MainActivity
02-02 14:32:38.818  1960  4384 I WindowManager: WIN DEATH: Window{f755c2d u0 com.android.todolist/com.android.todolist.MainActivity}
02-02 14:32:38.821  1960  4384 I ActivityManager: Process com.android.todolist (pid 10543) has died: vis+99 TOP 
02-02 14:32:39.251  1960  1983 W ActivityTaskManager: Activity top resumed state loss timeout for ActivityRecord{2c069c6 u0 com.android.todolist/.MainActivity t-1 f}
02-02 14:35:20.453  1960  2795 I ActivityTaskManager: START u0 {act=android.intent.action.MAIN cat=[android.intent.category.LAUNCHER] flg=0x10200000 cmp=com.android.todolist/.MainActivity bnds=[440,1188][640,1488]} from uid 10109
02-02 14:35:20.593  1960  1991 I ActivityManager: Start proc 11083:com.android.todolist/u0a150 for activity {com.android.todolist/com.android.todolist.MainActivity}
02-02 14:35:21.233  1753  1753 E Layer   : [Surface(name=AppWindowToken{22947de token=Token{f27cb19 ActivityRecord{1abba60 u0 com.android.todolist/.MainActivity t36}}})/@0x9d27b90 - animation-leash#0] No local sync point found
02-02 14:35:21.249  1753  1753 E Layer   : [Surface(name=AppWindowToken{22947de token=Token{f27cb19 ActivityRecord{1abba60 u0 com.android.todolist/.MainActivity t36}}})/@0x9d27b90 - animation-leash#0] No local sync point found
02-02 14:35:21.710 11083 11083 W RenderThread: type=1400 audit(0.0:138): avc: denied { write } for name="property_service" dev="tmpfs" ino=6844 scontext=u:r:untrusted_app_27:s0:c150,c256,c512,c768 tcontext=u:object_r:property_socket:s0 tclass=sock_file permissive=0 app=com.android.todolist
02-02 14:35:28.443  1960  5248 I ActivityTaskManager: START u0 {act=android.intent.action.MAIN cat=[android.intent.category.LAUNCHER] flg=0x10200000 cmp=com.android.todolist/.MainActivity bnds=[440,1188][640,1488]} from uid 10109
02-02 14:35:28.966  1753  1753 E Layer   : [Surface(name=AppWindowToken{22947de token=Token{f27cb19 ActivityRecord{1abba60 u0 com.android.todolist/.MainActivity t36}}})/@0x9d27b90 - animation-leash#0] No local sync point found
02-02 14:35:28.966  1753  1753 E Layer   : [Surface(name=AppWindowToken{22947de token=Token{f27cb19 ActivityRecord{1abba60 u0 com.android.todolist/.MainActivity t36}}})/@0x9d27b90 - animation-leash#0] No local sync point found
02-02 14:35:34.476 11083 11083 E AndroidRuntime: Process: com.android.todolist, PID: 11083
02-02 14:35:34.476 11083 11083 E AndroidRuntime: 	at com.android.todolist.MainActivity.ordenarAZ(MainActivity.kt:196)
02-02 14:35:34.476 11083 11083 E AndroidRuntime: 	at com.android.todolist.MainActivity.onNavigationItemSelected(MainActivity.kt:86)
02-02 14:35:34.479  1960  2296 W ActivityTaskManager:   Force finishing activity com.android.todolist/.MainActivity
02-02 14:35:34.553  1960  2795 I ActivityManager: Process com.android.todolist (pid 11083) has died: vis+99 TOP 
02-02 14:35:34.554  1960  2774 I WindowManager: WIN DEATH: Window{7f4b79f u0 com.android.todolist/com.android.todolist.MainActivity}
02-02 14:35:34.981  1960  1983 W ActivityTaskManager: Activity top resumed state loss timeout for ActivityRecord{1abba60 u0 com.android.todolist/.MainActivity t-1 f}
02-02 14:38:50.403  1960  2035 I ActivityTaskManager: START u0 {act=android.intent.action.MAIN cat=[android.intent.category.LAUNCHER] flg=0x10200000 cmp=com.android.todolist/.MainActivity bnds=[440,1188][640,1488]} from uid 10109
02-02 14:38:50.508  1960  1991 I ActivityManager: Start proc 11645:com.android.todolist/u0a150 for activity {com.android.todolist/com.android.todolist.MainActivity}
02-02 14:38:51.132  1753  1753 E Layer   : [Surface(name=AppWindowToken{fd81f85 token=Token{ec82cfc ActivityRecord{cd8b9ef u0 com.android.todolist/.MainActivity t39}}})/@0x772bd39 - animation-leash#0] No local sync point found
02-02 14:38:51.132  1753  1753 E Layer   : [Surface(name=AppWindowToken{fd81f85 token=Token{ec82cfc ActivityRecord{cd8b9ef u0 com.android.todolist/.MainActivity t39}}})/@0x772bd39 - animation-leash#0] No local sync point found
02-02 14:38:51.530 11645 11645 W RenderThread: type=1400 audit(0.0:141): avc: denied { write } for name="property_service" dev="tmpfs" ino=6844 scontext=u:r:untrusted_app_27:s0:c150,c256,c512,c768 tcontext=u:object_r:property_socket:s0 tclass=sock_file permissive=0 app=com.android.todolist
02-02 14:38:57.542 11645 11645 E AndroidRuntime: Process: com.android.todolist, PID: 11645
02-02 14:38:57.542 11645 11645 E AndroidRuntime: 	at com.android.todolist.MainActivity.ordenarAZ(MainActivity.kt:196)
02-02 14:38:57.542 11645 11645 E AndroidRuntime: 	at com.android.todolist.MainActivity.onNavigationItemSelected(MainActivity.kt:86)
02-02 14:38:57.545  1960  2035 W ActivityTaskManager:   Force finishing activity com.android.todolist/.MainActivity
02-02 14:38:57.662  1960  5277 I ActivityManager: Process com.android.todolist (pid 11645) has died: vis+99 TOP 
02-02 14:38:57.662  1960  4356 I WindowManager: WIN DEATH: Window{36fc465 u0 com.android.todolist/com.android.todolist.MainActivity}
02-02 14:38:58.049  1960  1983 W ActivityTaskManager: Activity top resumed state loss timeout for ActivityRecord{cd8b9ef u0 com.android.todolist/.MainActivity t-1 f}
02-02 14:43:25.858  1960  7322 I ActivityTaskManager: START u0 {act=android.intent.action.MAIN cat=[android.intent.category.LAUNCHER] flg=0x10200000 cmp=com.android.todolist/.MainActivity bnds=[440,1188][640,1488]} from uid 10109
02-02 14:43:25.943  1960  1991 I ActivityManager: Start proc 11733:com.android.todolist/u0a150 for activity {com.android.todolist/com.android.todolist.MainActivity}
02-02 14:43:26.584  1753  1753 E Layer   : [Surface(name=AppWindowToken{57006b9 token=Token{1872080 ActivityRecord{e1cf903 u0 com.android.todolist/.MainActivity t40}}})/@0x43bbe2d - animation-leash#0] No local sync point found
02-02 14:43:26.584  1753  1753 E Layer   : [Surface(name=AppWindowToken{57006b9 token=Token{1872080 ActivityRecord{e1cf903 u0 com.android.todolist/.MainActivity t40}}})/@0x43bbe2d - animation-leash#0] No local sync point found
02-02 14:43:26.890 11733 11733 W RenderThread: type=1400 audit(0.0:142): avc: denied { write } for name="property_service" dev="tmpfs" ino=6844 scontext=u:r:untrusted_app_27:s0:c150,c256,c512,c768 tcontext=u:object_r:property_socket:s0 tclass=sock_file permissive=0 app=com.android.todolist
02-02 14:43:30.907 11733 11733 E AndroidRuntime: Process: com.android.todolist, PID: 11733
02-02 14:43:30.907 11733 11733 E AndroidRuntime: 	at com.android.todolist.MainActivity.ordenarAZ(MainActivity.kt:196)
02-02 14:43:30.907 11733 11733 E AndroidRuntime: 	at com.android.todolist.MainActivity.onNavigationItemSelected(MainActivity.kt:86)
02-02 14:43:30.911  1960  7322 W ActivityTaskManager:   Force finishing activity com.android.todolist/.MainActivity
02-02 14:43:31.040  1960  4356 I WindowManager: WIN DEATH: Window{3c334e3 u0 com.android.todolist/com.android.todolist.MainActivity}
02-02 14:43:31.043  1960  7107 I ActivityManager: Process com.android.todolist (pid 11733) has died: vis+99 TOP 
02-02 14:43:31.413  1960  1983 W ActivityTaskManager: Activity top resumed state loss timeout for ActivityRecord{e1cf903 u0 com.android.todolist/.MainActivity t-1 f}
02-02 15:17:58.171  1960  1990 I ActivityManager: Force stopping com.android.todolist appid=10150 user=-1: installPackageLI
02-02 15:17:58.178  1960  2006 I PackageManager: Update package com.android.todolist code path from /data/app/com.android.todolist-fbp0-Rzkkl7kvPGO8S1G3Q== to /data/app/com.android.todolist-LnY0UIH66Iu_Yc46NzIuQw==; Retain data and using new
02-02 15:17:58.179  1960  2006 I PackageManager: Update package com.android.todolist resource path from /data/app/com.android.todolist-fbp0-Rzkkl7kvPGO8S1G3Q== to /data/app/com.android.todolist-LnY0UIH66Iu_Yc46NzIuQw==; Retain data and using new
02-02 15:17:58.369  1960  2006 I ActivityManager: Force stopping com.android.todolist appid=10150 user=0: pkg removed
02-02 15:17:58.401  1960  1990 W BroadcastQueue: Background execution not allowed: receiving Intent { act=android.intent.action.PACKAGE_REMOVED dat=package:com.android.todolist flg=0x4000010 (has extras) } to com.android.musicfx/.Compatibility$Receiver
02-02 15:17:58.402  1960  1990 W BroadcastQueue: Background execution not allowed: receiving Intent { act=android.intent.action.PACKAGE_REMOVED dat=package:com.android.todolist flg=0x4000010 (has extras) } to com.google.android.gms/.games.chimera.GamesSystemBroadcastReceiverProxy
02-02 15:17:58.402  1960  1990 W BroadcastQueue: Background execution not allowed: receiving Intent { act=android.intent.action.PACKAGE_REMOVED dat=package:com.android.todolist flg=0x4000010 (has extras) } to com.google.android.gms/.chimera.GmsIntentOperationService$PersistentTrustedReceiver
02-02 15:17:58.402  1960  1990 W BroadcastQueue: Background execution not allowed: receiving Intent { act=android.intent.action.PACKAGE_REMOVED dat=package:com.android.todolist flg=0x4000010 (has extras) } to com.google.android.googlequicksearchbox/com.google.android.apps.gsa.googlequicksearchbox.GelStubAppWatcher
02-02 15:17:58.463  1960  1990 W BroadcastQueue: Background execution not allowed: receiving Intent { act=android.intent.action.PACKAGE_ADDED dat=package:com.android.todolist flg=0x4000010 (has extras) } to com.google.android.packageinstaller/com.android.packageinstaller.PackageInstalledReceiver
02-02 15:17:58.463  1960  1990 W BroadcastQueue: Background execution not allowed: receiving Intent { act=android.intent.action.PACKAGE_ADDED dat=package:com.android.todolist flg=0x4000010 (has extras) } to com.android.musicfx/.Compatibility$Receiver
02-02 15:17:58.464  1960  1990 W BroadcastQueue: Background execution not allowed: receiving Intent { act=android.intent.action.PACKAGE_ADDED dat=package:com.android.todolist flg=0x4000010 (has extras) } to com.google.android.gms/.games.chimera.GamesSystemBroadcastReceiverProxy
02-02 15:17:58.464  1960  1990 W BroadcastQueue: Background execution not allowed: receiving Intent { act=android.intent.action.PACKAGE_ADDED dat=package:com.android.todolist flg=0x4000010 (has extras) } to com.google.android.gms/.gass.chimera.PackageChangeBroadcastReceiver
02-02 15:17:58.465  1960  1990 W BroadcastQueue: Background execution not allowed: receiving Intent { act=android.intent.action.PACKAGE_ADDED dat=package:com.android.todolist flg=0x4000010 (has extras) } to com.google.android.gms/.chimera.GmsIntentOperationService$PersistentTrustedReceiver
02-02 15:17:58.465  1960  1990 W BroadcastQueue: Background execution not allowed: receiving Intent { act=android.intent.action.PACKAGE_ADDED dat=package:com.android.todolist flg=0x4000010 (has extras) } to com.google.android.googlequicksearchbox/com.google.android.apps.gsa.googlequicksearchbox.GelStubAppWatcher
02-02 15:17:58.467  1960  1990 W BroadcastQueue: Background execution not allowed: receiving Intent { act=android.intent.action.PACKAGE_ADDED dat=package:com.android.todolist flg=0x4000010 (has extras) } to com.google.android.ims/.receivers.RcsAutoStartReceiver
02-02 15:17:58.515  1960  1990 W BroadcastQueue: Background execution not allowed: receiving Intent { act=android.intent.action.PACKAGE_REPLACED dat=package:com.android.todolist flg=0x4000010 (has extras) } to com.android.musicfx/.Compatibility$Receiver
02-02 15:17:58.515  1960  1990 W BroadcastQueue: Background execution not allowed: receiving Intent { act=android.intent.action.PACKAGE_REPLACED dat=package:com.android.todolist flg=0x4000010 (has extras) } to com.google.android.apps.photos/.account.full.FetchAccountPropertiesAppUpgradeBroadcastReceiver
02-02 15:17:58.515  1960  1990 W BroadcastQueue: Background execution not allowed: receiving Intent { act=android.intent.action.PACKAGE_REPLACED dat=package:com.android.todolist flg=0x4000010 (has extras) } to com.google.android.apps.photos/.account.full.SyncAccountsForLoginBroadcastReceiver
02-02 15:17:58.515  1960  1990 W BroadcastQueue: Background execution not allowed: receiving Intent { act=android.intent.action.PACKAGE_REPLACED dat=package:com.android.todolist flg=0x4000010 (has extras) } to com.google.android.apps.photos/.experiments.phenotype.full.PhenotypeAppUpgradeBroadcastReceiver
02-02 15:17:58.516  1960  1990 W BroadcastQueue: Background execution not allowed: receiving Intent { act=android.intent.action.PACKAGE_REPLACED dat=package:com.android.todolist flg=0x4000010 (has extras) } to com.google.android.apps.photos/.notificationchannels.AppUpdateBroadcastReceiver
02-02 15:17:58.516  1960  1990 W BroadcastQueue: Background execution not allowed: receiving Intent { act=android.intent.action.PACKAGE_REPLACED dat=package:com.android.todolist flg=0x4000010 (has extras) } to com.google.android.gms/.gass.chimera.PackageChangeBroadcastReceiver
02-02 15:17:58.526  1960  1990 W BroadcastQueue: Background execution not allowed: receiving Intent { act=android.intent.action.PACKAGE_REPLACED dat=package:com.android.todolist flg=0x4000010 (has extras) } to com.google.android.gms/.chimera.GmsIntentOperationService$PersistentTrustedReceiver
02-02 15:17:58.545  1960  1990 W BroadcastQueue: Background execution not allowed: receiving Intent { act=android.intent.action.PACKAGE_REPLACED dat=package:com.android.todolist flg=0x4000010 (has extras) } to com.google.android.googlequicksearchbox/com.google.android.apps.gsa.googlequicksearchbox.GelStubAppWatcher
02-02 15:17:58.545  1960  1990 W BroadcastQueue: Background execution not allowed: receiving Intent { act=android.intent.action.PACKAGE_REPLACED dat=package:com.android.todolist flg=0x4000010 (has extras) } to com.google.android.ims/.receivers.RcsAutoStartReceiver
02-02 15:17:58.903 13619 15248 I ChromeSync: [Sync,SyncIntentOperation] Handling the intent: Intent { act=android.intent.action.PACKAGE_ADDE